// Jest Snapshot v1, https://goo.gl/fbAQLP

exports[`<TrainScreen />  renders correctly 1`] = `
<View
  style={
    Object {
      "alignItems": "center",
      "backgroundColor": "#fff",
      "flex": 1,
      "justifyContent": "center",
    }
  }
>
  <View
    style={
      Object {
        "alignItems": "center",
        "backgroundColor": "#fff",
        "flex": 1,
        "justifyContent": "center",
      }
    }
  >
    <Image
      source={1}
      style={
        Object {
          "flex": 1,
          "height": 50,
          "resizeMode": "contain",
          "width": 200,
        }
      }
    />
    <TextInput
      allowFontScaling={true}
      onChangeText={[Function]}
      placeholder="Syötä juna"
      rejectResponderTermination={true}
      style={
        Object {
          "borderColor": "gray",
          "borderRadius": 20,
          "borderWidth": 1,
          "bottom": 20,
          "height": 40,
          "textAlign": "center",
          "width": 500,
        }
      }
      underlineColorAndroid="transparent"
    />
    <View
      style={
        Object {
          "borderRadius": 25,
          "color": "#64B82C",
          "fontSize": 20,
          "width": 375,
        }
      }
    >
      <View
        accessibilityRole="button"
        accessibilityStates={Array []}
        accessible={true}
        focusable={true}
        isTVSelectable={true}
        onClick={[Function]}
        onResponderGrant={[Function]}
        onResponderMove={[Function]}
        onResponderRelease={[Function]}
        onResponderTerminate={[Function]}
        onResponderTerminationRequest={[Function]}
        onStartShouldSetResponder={[Function]}
        style={
          Object {
            "opacity": 1,
          }
        }
      >
        <View
          style={
            Array [
              Object {},
            ]
          }
        >
          <Text
            style={
              Array [
                Object {
                  "color": "#007AFF",
                  "fontSize": 18,
                  "padding": 8,
                  "textAlign": "center",
                },
                Object {
                  "color": "#64B82C",
                },
              ]
            }
          >
            HAE
          </Text>
        </View>
      </View>
    </View>
  </View>
  <View>
    <ActivityIndicator
      animating={true}
      color="#999999"
      hidesWhenStopped={true}
      size="large"
    />
    <Text
      style={
        Object {
          "alignItems": "center",
          "textAlign": "center",
        }
      }
    >
      Haetaan
    </Text>
  </View>
</View>
`;
