// Jest Snapshot v1, https://goo.gl/fbAQLP

exports[`<App /> renders correctly 1`] = `
<View
  style={
    Object {
      "flex": 1,
    }
  }
>
  <RNCSafeAreaView
    onInsetsChange={[Function]}
    style={
      Object {
        "flex": 1,
      }
    }
  >
    <View
      collapsable={true}
      onLayout={[Function]}
      removeClippedSubviews={false}
      style={
        Array [
          Object {
            "flex": 1,
            "overflow": "hidden",
          },
          Object {
            "overflow": "hidden",
          },
        ]
      }
    >
      <View
        pointerEvents="box-none"
        style={
          Object {
            "bottom": 0,
            "left": 0,
            "overflow": "hidden",
            "position": "absolute",
            "right": 0,
            "top": 0,
            "transform": Array [
              Object {
                "translateY": 0,
              },
            ],
          }
        }
      >
        <View
          accessibilityElementsHidden={false}
          closing={false}
          gestureVelocityImpact={0.3}
          importantForAccessibility="auto"
          onClose={[Function]}
          onGestureBegin={[Function]}
          onGestureCanceled={[Function]}
          onOpen={[Function]}
          onTransitionStart={[Function]}
          pointerEvents="box-none"
          style={
            Object {
              "bottom": 0,
              "left": 0,
              "position": "absolute",
              "right": 0,
              "top": 0,
            }
          }
          transitionSpec={
            Object {
              "close": Object {
                "animation": "spring",
                "config": Object {
                  "damping": 500,
                  "mass": 3,
                  "overshootClamping": true,
                  "restDisplacementThreshold": 0.01,
                  "restSpeedThreshold": 0.01,
                  "stiffness": 1000,
                },
              },
              "open": Object {
                "animation": "spring",
                "config": Object {
                  "damping": 500,
                  "mass": 3,
                  "overshootClamping": true,
                  "restDisplacementThreshold": 0.01,
                  "restSpeedThreshold": 0.01,
                  "stiffness": 1000,
                },
              },
            }
          }
        >
          <View
            pointerEvents="box-none"
            style={
              Object {
                "flex": 1,
              }
            }
          >
            <View
              collapsable={false}
              onGestureHandlerEvent={[Function]}
              onGestureHandlerStateChange={[Function]}
              style={
                Object {
                  "flex": 1,
                  "transform": Array [
                    Object {
                      "translateX": 0,
                    },
                    Object {
                      "translateX": 0,
                    },
                  ],
                }
              }
            >
              <View
                pointerEvents="none"
                style={
                  Object {
                    "backgroundColor": "#fff",
                    "bottom": 0,
                    "left": 0,
                    "position": "absolute",
                    "shadowColor": "#000",
                    "shadowOffset": Object {
                      "height": 1,
                      "width": -1,
                    },
                    "shadowOpacity": 0.3,
                    "shadowRadius": 5,
                    "top": 0,
                    "width": 3,
                  }
                }
              />
              <View
                style={
                  Array [
                    Object {
                      "flex": 1,
                      "overflow": "hidden",
                    },
                    Array [
                      Object {
                        "backgroundColor": "rgb(242, 242, 242)",
                      },
                      undefined,
                    ],
                  ]
                }
              >
                <View
                  style={
                    Object {
                      "flex": 1,
                      "flexDirection": "column-reverse",
                    }
                  }
                >
                  <View
                    style={
                      Object {
                        "flex": 1,
                      }
                    }
                  >
                    <View
                      style={
                        Object {
                          "alignItems": "center",
                          "backgroundColor": "#fff",
                          "flex": 1,
                          "justifyContent": "center",
                        }
                      }
                    >
                      <View
                        style={
                          Object {
                            "alignItems": "center",
                            "backgroundColor": "#fff",
                            "flex": 1,
                            "justifyContent": "center",
                          }
                        }
                      >
                        <Image
                          source={1}
                          style={
                            Object {
                              "flex": 1,
                              "height": 50,
                              "resizeMode": "contain",
                              "width": 200,
                            }
                          }
                        />
                        <TextInput
                          allowFontScaling={true}
                          onChangeText={[Function]}
                          placeholder="Syötä juna"
                          rejectResponderTermination={true}
                          style={
                            Object {
                              "borderColor": "gray",
                              "borderRadius": 20,
                              "borderWidth": 1,
                              "bottom": 20,
                              "height": 40,
                              "textAlign": "center",
                              "width": 500,
                            }
                          }
                          underlineColorAndroid="transparent"
                        />
                        <View
                          style={
                            Object {
                              "borderRadius": 25,
                              "color": "#64B82C",
                              "fontSize": 20,
                              "width": 375,
                            }
                          }
                        >
                          <View
                            accessibilityRole="button"
                            accessibilityStates={Array []}
                            accessible={true}
                            focusable={true}
                            isTVSelectable={true}
                            onClick={[Function]}
                            onResponderGrant={[Function]}
                            onResponderMove={[Function]}
                            onResponderRelease={[Function]}
                            onResponderTerminate={[Function]}
                            onResponderTerminationRequest={[Function]}
                            onStartShouldSetResponder={[Function]}
                            style={
                              Object {
                                "opacity": 1,
                              }
                            }
                          >
                            <View
                              style={
                                Array [
                                  Object {},
                                ]
                              }
                            >
                              <Text
                                style={
                                  Array [
                                    Object {
                                      "color": "#007AFF",
                                      "fontSize": 18,
                                      "padding": 8,
                                      "textAlign": "center",
                                    },
                                    Object {
                                      "color": "#64B82C",
                                    },
                                  ]
                                }
                              >
                                HAE
                              </Text>
                            </View>
                          </View>
                        </View>
                      </View>
                      <View>
                        <ActivityIndicator
                          animating={true}
                          color="#999999"
                          hidesWhenStopped={true}
                          size="large"
                        />
                        <Text
                          style={
                            Object {
                              "alignItems": "center",
                              "textAlign": "center",
                            }
                          }
                        >
                          Haetaan
                        </Text>
                      </View>
                    </View>
                  </View>
                </View>
              </View>
            </View>
          </View>
        </View>
      </View>
    </View>
    <View
      pointerEvents="box-none"
      style={
        Object {
          "left": 0,
          "position": "absolute",
          "right": 0,
          "top": 0,
        }
      }
    >
      <View
        accessibilityElementsHidden={false}
        importantForAccessibility="auto"
        onLayout={[Function]}
        pointerEvents="box-none"
        style={
          Object {
            "left": 0,
            "position": "absolute",
            "right": 0,
            "top": 0,
          }
        }
      />
    </View>
  </RNCSafeAreaView>
</View>
`;
